#-----------------------------------------------------------
# Vivado v2022.1 (64-bit)
# SW Build 3526262 on Mon Apr 18 15:48:16 MDT 2022
# IP Build 3524634 on Mon Apr 18 20:55:01 MDT 2022
# Start of session at: Wed Aug 31 16:21:04 2022
# Process ID: 10000
# Current directory: C:/Users/asoptere/AppData/Roaming/Xilinx/Vivado
# Command line: vivado.exe -gui_launcher_event rodinguilauncherevent1768
# Log file: C:/Users/asoptere/AppData/Roaming/Xilinx/Vivado/vivado.log
# Journal file: C:/Users/asoptere/AppData/Roaming/Xilinx/Vivado\vivado.jou
# Running On: ASOPTEREAN, OS: Windows, CPU Frequency: 3492 MHz, CPU Physical cores: 6, Host memory: 34301 MB
#-----------------------------------------------------------
start_gui
open_project E:/UpgradeProjects/Cora-Z7/hw/proj/hw.xpr
report_ip_status -name ip_status 
update_compile_order -fileset sources_1
upgrade_ip [get_ips  {design_1_ps7_0_axi_periph_0 design_1_axi_gpio_0_0}] -log ip_upgrade.log
export_ip_user_files -of_objects [get_ips {design_1_ps7_0_axi_periph_0 design_1_axi_gpio_0_0}] -no_script -sync -force -quiet
source E:/UpgradeProjects/Cora-Z7/hw/scripts/checkin.tcl
close_project
source E:/UpgradeProjects/Cora-Z7/hw/scripts/checkout.tcl
regenerate_bd_layout
update_compile_order -fileset sources_1
launch_runs impl_1 -to_step write_bitstream -jobs 12
wait_on_run impl_1
write_hw_platform -fixed -include_bit -force -file E:/UpgradeProjects/Cora-Z7/hw/hw_handoff/design_1_wrapper.xsa
archive_project E:/UpgradeProjects/Archives/Cora-Z7/07S/XADC/2022.1/Cora-Z7-07S-XADC-hw.xpr.zip -temp_dir C:/Users/asoptere/AppData/Roaming/Xilinx/Vivado/.Xil/Vivado-10000-ASOPTEREAN -force -include_local_ip_cache
