#-----------------------------------------------------------
# Vivado v2023.1 (64-bit)
# SW Build 3865809 on Sun May  7 15:05:29 MDT 2023
# IP Build 3864474 on Sun May  7 20:36:21 MDT 2023
# SharedData Build 3865790 on Sun May 07 13:33:03 MDT 2023
# Start of session at: Thu Oct 26 13:24:18 2023
# Process ID: 32480
# Current directory: C:/Codes/Verilog/hw/hw.runs/design_1_processing_system7_0_0_synth_1
# Command line: vivado.exe -log design_1_processing_system7_0_0.vds -product Vivado -mode batch -messageDb vivado.pb -notrace -source design_1_processing_system7_0_0.tcl
# Log file: C:/Codes/Verilog/hw/hw.runs/design_1_processing_system7_0_0_synth_1/design_1_processing_system7_0_0.vds
# Journal file: C:/Codes/Verilog/hw/hw.runs/design_1_processing_system7_0_0_synth_1\vivado.jou
# Running On: LAPTOP-BA9EVQUE, OS: Windows, CPU Frequency: 2895 MHz, CPU Physical cores: 16, Host memory: 16559 MB
#-----------------------------------------------------------
source design_1_processing_system7_0_0.tcl -notrace
